ARM GAS  /var/folders/8x/_y6g3dfs0698dfd49y4vcg_w0000gn/T//ccZE4w4U.s 			page 1


   1              		.cpu cortex-m3
   2              		.arch armv7-m
   3              		.fpu softvfp
   4              		.eabi_attribute 20, 1
   5              		.eabi_attribute 21, 1
   6              		.eabi_attribute 23, 3
   7              		.eabi_attribute 24, 1
   8              		.eabi_attribute 25, 1
   9              		.eabi_attribute 26, 1
  10              		.eabi_attribute 30, 1
  11              		.eabi_attribute 34, 1
  12              		.eabi_attribute 18, 4
  13              		.file	"can.c"
  14              		.text
  15              	.Ltext0:
  16              		.cfi_sections	.debug_frame
  17              		.file 1 "Core/Src/can.c"
  18              		.section	.text.MX_CAN1_Init,"ax",%progbits
  19              		.align	1
  20              		.global	MX_CAN1_Init
  21              		.syntax unified
  22              		.thumb
  23              		.thumb_func
  25              	MX_CAN1_Init:
  26              	.LFB72:
   1:Core/Src/can.c **** /* USER CODE BEGIN Header */
   2:Core/Src/can.c **** /**
   3:Core/Src/can.c ****   ******************************************************************************
   4:Core/Src/can.c ****   * @file    can.c
   5:Core/Src/can.c ****   * @brief   This file provides code for the configuration
   6:Core/Src/can.c ****   *          of the CAN instances.
   7:Core/Src/can.c ****   ******************************************************************************
   8:Core/Src/can.c ****   * @attention
   9:Core/Src/can.c ****   *
  10:Core/Src/can.c ****   * Copyright (c) 2025 STMicroelectronics.
  11:Core/Src/can.c ****   * All rights reserved.
  12:Core/Src/can.c ****   *
  13:Core/Src/can.c ****   * This software is licensed under terms that can be found in the LICENSE file
  14:Core/Src/can.c ****   * in the root directory of this software component.
  15:Core/Src/can.c ****   * If no LICENSE file comes with this software, it is provided AS-IS.
  16:Core/Src/can.c ****   *
  17:Core/Src/can.c ****   ******************************************************************************
  18:Core/Src/can.c ****   */
  19:Core/Src/can.c **** /* USER CODE END Header */
  20:Core/Src/can.c **** /* Includes ------------------------------------------------------------------*/
  21:Core/Src/can.c **** #include "can.h"
  22:Core/Src/can.c **** 
  23:Core/Src/can.c **** /* USER CODE BEGIN 0 */
  24:Core/Src/can.c **** 
  25:Core/Src/can.c **** /* USER CODE END 0 */
  26:Core/Src/can.c **** 
  27:Core/Src/can.c **** CAN_HandleTypeDef hcan1;
  28:Core/Src/can.c **** CAN_HandleTypeDef hcan2;
  29:Core/Src/can.c **** 
  30:Core/Src/can.c **** /* CAN1 init function */
  31:Core/Src/can.c **** void MX_CAN1_Init(void)
  32:Core/Src/can.c **** {
ARM GAS  /var/folders/8x/_y6g3dfs0698dfd49y4vcg_w0000gn/T//ccZE4w4U.s 			page 2


  27              		.loc 1 32 1 view -0
  28              		.cfi_startproc
  29              		@ args = 0, pretend = 0, frame = 0
  30              		@ frame_needed = 0, uses_anonymous_args = 0
  31 0000 08B5     		push	{r3, lr}
  32              	.LCFI0:
  33              		.cfi_def_cfa_offset 8
  34              		.cfi_offset 3, -8
  35              		.cfi_offset 14, -4
  33:Core/Src/can.c **** 
  34:Core/Src/can.c ****   /* USER CODE BEGIN CAN1_Init 0 */
  35:Core/Src/can.c **** 
  36:Core/Src/can.c ****   /* USER CODE END CAN1_Init 0 */
  37:Core/Src/can.c **** 
  38:Core/Src/can.c ****   /* USER CODE BEGIN CAN1_Init 1 */
  39:Core/Src/can.c **** 
  40:Core/Src/can.c ****   /* USER CODE END CAN1_Init 1 */
  41:Core/Src/can.c ****   hcan1.Instance = CAN1;
  36              		.loc 1 41 3 view .LVU1
  37              		.loc 1 41 18 is_stmt 0 view .LVU2
  38 0002 0B48     		ldr	r0, .L5
  39 0004 0B4B     		ldr	r3, .L5+4
  40 0006 0360     		str	r3, [r0]
  42:Core/Src/can.c ****   hcan1.Init.Prescaler = 16;
  41              		.loc 1 42 3 is_stmt 1 view .LVU3
  42              		.loc 1 42 24 is_stmt 0 view .LVU4
  43 0008 1023     		movs	r3, #16
  44 000a 4360     		str	r3, [r0, #4]
  43:Core/Src/can.c ****   hcan1.Init.Mode = CAN_MODE_NORMAL;
  45              		.loc 1 43 3 is_stmt 1 view .LVU5
  46              		.loc 1 43 19 is_stmt 0 view .LVU6
  47 000c 0023     		movs	r3, #0
  48 000e 8360     		str	r3, [r0, #8]
  44:Core/Src/can.c ****   hcan1.Init.SyncJumpWidth = CAN_SJW_1TQ;
  49              		.loc 1 44 3 is_stmt 1 view .LVU7
  50              		.loc 1 44 28 is_stmt 0 view .LVU8
  51 0010 C360     		str	r3, [r0, #12]
  45:Core/Src/can.c ****   hcan1.Init.TimeSeg1 = CAN_BS1_1TQ;
  52              		.loc 1 45 3 is_stmt 1 view .LVU9
  53              		.loc 1 45 23 is_stmt 0 view .LVU10
  54 0012 0361     		str	r3, [r0, #16]
  46:Core/Src/can.c ****   hcan1.Init.TimeSeg2 = CAN_BS2_1TQ;
  55              		.loc 1 46 3 is_stmt 1 view .LVU11
  56              		.loc 1 46 23 is_stmt 0 view .LVU12
  57 0014 4361     		str	r3, [r0, #20]
  47:Core/Src/can.c ****   hcan1.Init.TimeTriggeredMode = DISABLE;
  58              		.loc 1 47 3 is_stmt 1 view .LVU13
  59              		.loc 1 47 32 is_stmt 0 view .LVU14
  60 0016 0376     		strb	r3, [r0, #24]
  48:Core/Src/can.c ****   hcan1.Init.AutoBusOff = DISABLE;
  61              		.loc 1 48 3 is_stmt 1 view .LVU15
  62              		.loc 1 48 25 is_stmt 0 view .LVU16
  63 0018 4376     		strb	r3, [r0, #25]
  49:Core/Src/can.c ****   hcan1.Init.AutoWakeUp = DISABLE;
  64              		.loc 1 49 3 is_stmt 1 view .LVU17
  65              		.loc 1 49 25 is_stmt 0 view .LVU18
  66 001a 8376     		strb	r3, [r0, #26]
ARM GAS  /var/folders/8x/_y6g3dfs0698dfd49y4vcg_w0000gn/T//ccZE4w4U.s 			page 3


  50:Core/Src/can.c ****   hcan1.Init.AutoRetransmission = DISABLE;
  67              		.loc 1 50 3 is_stmt 1 view .LVU19
  68              		.loc 1 50 33 is_stmt 0 view .LVU20
  69 001c C376     		strb	r3, [r0, #27]
  51:Core/Src/can.c ****   hcan1.Init.ReceiveFifoLocked = DISABLE;
  70              		.loc 1 51 3 is_stmt 1 view .LVU21
  71              		.loc 1 51 32 is_stmt 0 view .LVU22
  72 001e 0377     		strb	r3, [r0, #28]
  52:Core/Src/can.c ****   hcan1.Init.TransmitFifoPriority = DISABLE;
  73              		.loc 1 52 3 is_stmt 1 view .LVU23
  74              		.loc 1 52 35 is_stmt 0 view .LVU24
  75 0020 4377     		strb	r3, [r0, #29]
  53:Core/Src/can.c ****   if (HAL_CAN_Init(&hcan1) != HAL_OK)
  76              		.loc 1 53 3 is_stmt 1 view .LVU25
  77              		.loc 1 53 7 is_stmt 0 view .LVU26
  78 0022 FFF7FEFF 		bl	HAL_CAN_Init
  79              	.LVL0:
  80              		.loc 1 53 6 discriminator 1 view .LVU27
  81 0026 00B9     		cbnz	r0, .L4
  82              	.L1:
  54:Core/Src/can.c ****   {
  55:Core/Src/can.c ****     Error_Handler();
  56:Core/Src/can.c ****   }
  57:Core/Src/can.c ****   /* USER CODE BEGIN CAN1_Init 2 */
  58:Core/Src/can.c **** 
  59:Core/Src/can.c ****   /* USER CODE END CAN1_Init 2 */
  60:Core/Src/can.c **** 
  61:Core/Src/can.c **** }
  83              		.loc 1 61 1 view .LVU28
  84 0028 08BD     		pop	{r3, pc}
  85              	.L4:
  55:Core/Src/can.c ****   }
  86              		.loc 1 55 5 is_stmt 1 view .LVU29
  87 002a FFF7FEFF 		bl	Error_Handler
  88              	.LVL1:
  89              		.loc 1 61 1 is_stmt 0 view .LVU30
  90 002e FBE7     		b	.L1
  91              	.L6:
  92              		.align	2
  93              	.L5:
  94 0030 00000000 		.word	hcan1
  95 0034 00640040 		.word	1073767424
  96              		.cfi_endproc
  97              	.LFE72:
  99              		.section	.text.MX_CAN2_Init,"ax",%progbits
 100              		.align	1
 101              		.global	MX_CAN2_Init
 102              		.syntax unified
 103              		.thumb
 104              		.thumb_func
 106              	MX_CAN2_Init:
 107              	.LFB73:
  62:Core/Src/can.c **** /* CAN2 init function */
  63:Core/Src/can.c **** void MX_CAN2_Init(void)
  64:Core/Src/can.c **** {
 108              		.loc 1 64 1 is_stmt 1 view -0
 109              		.cfi_startproc
ARM GAS  /var/folders/8x/_y6g3dfs0698dfd49y4vcg_w0000gn/T//ccZE4w4U.s 			page 4


 110              		@ args = 0, pretend = 0, frame = 0
 111              		@ frame_needed = 0, uses_anonymous_args = 0
 112 0000 08B5     		push	{r3, lr}
 113              	.LCFI1:
 114              		.cfi_def_cfa_offset 8
 115              		.cfi_offset 3, -8
 116              		.cfi_offset 14, -4
  65:Core/Src/can.c **** 
  66:Core/Src/can.c ****   /* USER CODE BEGIN CAN2_Init 0 */
  67:Core/Src/can.c **** 
  68:Core/Src/can.c ****   /* USER CODE END CAN2_Init 0 */
  69:Core/Src/can.c **** 
  70:Core/Src/can.c ****   /* USER CODE BEGIN CAN2_Init 1 */
  71:Core/Src/can.c **** 
  72:Core/Src/can.c ****   /* USER CODE END CAN2_Init 1 */
  73:Core/Src/can.c ****   hcan2.Instance = CAN2;
 117              		.loc 1 73 3 view .LVU32
 118              		.loc 1 73 18 is_stmt 0 view .LVU33
 119 0002 0B48     		ldr	r0, .L11
 120 0004 0B4B     		ldr	r3, .L11+4
 121 0006 0360     		str	r3, [r0]
  74:Core/Src/can.c ****   hcan2.Init.Prescaler = 16;
 122              		.loc 1 74 3 is_stmt 1 view .LVU34
 123              		.loc 1 74 24 is_stmt 0 view .LVU35
 124 0008 1023     		movs	r3, #16
 125 000a 4360     		str	r3, [r0, #4]
  75:Core/Src/can.c ****   hcan2.Init.Mode = CAN_MODE_NORMAL;
 126              		.loc 1 75 3 is_stmt 1 view .LVU36
 127              		.loc 1 75 19 is_stmt 0 view .LVU37
 128 000c 0023     		movs	r3, #0
 129 000e 8360     		str	r3, [r0, #8]
  76:Core/Src/can.c ****   hcan2.Init.SyncJumpWidth = CAN_SJW_1TQ;
 130              		.loc 1 76 3 is_stmt 1 view .LVU38
 131              		.loc 1 76 28 is_stmt 0 view .LVU39
 132 0010 C360     		str	r3, [r0, #12]
  77:Core/Src/can.c ****   hcan2.Init.TimeSeg1 = CAN_BS1_1TQ;
 133              		.loc 1 77 3 is_stmt 1 view .LVU40
 134              		.loc 1 77 23 is_stmt 0 view .LVU41
 135 0012 0361     		str	r3, [r0, #16]
  78:Core/Src/can.c ****   hcan2.Init.TimeSeg2 = CAN_BS2_1TQ;
 136              		.loc 1 78 3 is_stmt 1 view .LVU42
 137              		.loc 1 78 23 is_stmt 0 view .LVU43
 138 0014 4361     		str	r3, [r0, #20]
  79:Core/Src/can.c ****   hcan2.Init.TimeTriggeredMode = DISABLE;
 139              		.loc 1 79 3 is_stmt 1 view .LVU44
 140              		.loc 1 79 32 is_stmt 0 view .LVU45
 141 0016 0376     		strb	r3, [r0, #24]
  80:Core/Src/can.c ****   hcan2.Init.AutoBusOff = DISABLE;
 142              		.loc 1 80 3 is_stmt 1 view .LVU46
 143              		.loc 1 80 25 is_stmt 0 view .LVU47
 144 0018 4376     		strb	r3, [r0, #25]
  81:Core/Src/can.c ****   hcan2.Init.AutoWakeUp = DISABLE;
 145              		.loc 1 81 3 is_stmt 1 view .LVU48
 146              		.loc 1 81 25 is_stmt 0 view .LVU49
 147 001a 8376     		strb	r3, [r0, #26]
  82:Core/Src/can.c ****   hcan2.Init.AutoRetransmission = DISABLE;
 148              		.loc 1 82 3 is_stmt 1 view .LVU50
ARM GAS  /var/folders/8x/_y6g3dfs0698dfd49y4vcg_w0000gn/T//ccZE4w4U.s 			page 5


 149              		.loc 1 82 33 is_stmt 0 view .LVU51
 150 001c C376     		strb	r3, [r0, #27]
  83:Core/Src/can.c ****   hcan2.Init.ReceiveFifoLocked = DISABLE;
 151              		.loc 1 83 3 is_stmt 1 view .LVU52
 152              		.loc 1 83 32 is_stmt 0 view .LVU53
 153 001e 0377     		strb	r3, [r0, #28]
  84:Core/Src/can.c ****   hcan2.Init.TransmitFifoPriority = DISABLE;
 154              		.loc 1 84 3 is_stmt 1 view .LVU54
 155              		.loc 1 84 35 is_stmt 0 view .LVU55
 156 0020 4377     		strb	r3, [r0, #29]
  85:Core/Src/can.c ****   if (HAL_CAN_Init(&hcan2) != HAL_OK)
 157              		.loc 1 85 3 is_stmt 1 view .LVU56
 158              		.loc 1 85 7 is_stmt 0 view .LVU57
 159 0022 FFF7FEFF 		bl	HAL_CAN_Init
 160              	.LVL2:
 161              		.loc 1 85 6 discriminator 1 view .LVU58
 162 0026 00B9     		cbnz	r0, .L10
 163              	.L7:
  86:Core/Src/can.c ****   {
  87:Core/Src/can.c ****     Error_Handler();
  88:Core/Src/can.c ****   }
  89:Core/Src/can.c ****   /* USER CODE BEGIN CAN2_Init 2 */
  90:Core/Src/can.c **** 
  91:Core/Src/can.c ****   /* USER CODE END CAN2_Init 2 */
  92:Core/Src/can.c **** 
  93:Core/Src/can.c **** }
 164              		.loc 1 93 1 view .LVU59
 165 0028 08BD     		pop	{r3, pc}
 166              	.L10:
  87:Core/Src/can.c ****   }
 167              		.loc 1 87 5 is_stmt 1 view .LVU60
 168 002a FFF7FEFF 		bl	Error_Handler
 169              	.LVL3:
 170              		.loc 1 93 1 is_stmt 0 view .LVU61
 171 002e FBE7     		b	.L7
 172              	.L12:
 173              		.align	2
 174              	.L11:
 175 0030 00000000 		.word	hcan2
 176 0034 00680040 		.word	1073768448
 177              		.cfi_endproc
 178              	.LFE73:
 180              		.section	.text.HAL_CAN_MspInit,"ax",%progbits
 181              		.align	1
 182              		.global	HAL_CAN_MspInit
 183              		.syntax unified
 184              		.thumb
 185              		.thumb_func
 187              	HAL_CAN_MspInit:
 188              	.LVL4:
 189              	.LFB74:
  94:Core/Src/can.c **** 
  95:Core/Src/can.c **** static uint32_t HAL_RCC_CAN1_CLK_ENABLED=0;
  96:Core/Src/can.c **** 
  97:Core/Src/can.c **** void HAL_CAN_MspInit(CAN_HandleTypeDef* canHandle)
  98:Core/Src/can.c **** {
 190              		.loc 1 98 1 is_stmt 1 view -0
ARM GAS  /var/folders/8x/_y6g3dfs0698dfd49y4vcg_w0000gn/T//ccZE4w4U.s 			page 6


 191              		.cfi_startproc
 192              		@ args = 0, pretend = 0, frame = 40
 193              		@ frame_needed = 0, uses_anonymous_args = 0
 194              		.loc 1 98 1 is_stmt 0 view .LVU63
 195 0000 00B5     		push	{lr}
 196              	.LCFI2:
 197              		.cfi_def_cfa_offset 4
 198              		.cfi_offset 14, -4
 199 0002 8BB0     		sub	sp, sp, #44
 200              	.LCFI3:
 201              		.cfi_def_cfa_offset 48
  99:Core/Src/can.c **** 
 100:Core/Src/can.c ****   GPIO_InitTypeDef GPIO_InitStruct = {0};
 202              		.loc 1 100 3 is_stmt 1 view .LVU64
 203              		.loc 1 100 20 is_stmt 0 view .LVU65
 204 0004 0023     		movs	r3, #0
 205 0006 0593     		str	r3, [sp, #20]
 206 0008 0693     		str	r3, [sp, #24]
 207 000a 0793     		str	r3, [sp, #28]
 208 000c 0893     		str	r3, [sp, #32]
 209 000e 0993     		str	r3, [sp, #36]
 101:Core/Src/can.c ****   if(canHandle->Instance==CAN1)
 210              		.loc 1 101 3 is_stmt 1 view .LVU66
 211              		.loc 1 101 15 is_stmt 0 view .LVU67
 212 0010 0368     		ldr	r3, [r0]
 213              		.loc 1 101 5 view .LVU68
 214 0012 374A     		ldr	r2, .L23
 215 0014 9342     		cmp	r3, r2
 216 0016 05D0     		beq	.L19
 102:Core/Src/can.c ****   {
 103:Core/Src/can.c ****   /* USER CODE BEGIN CAN1_MspInit 0 */
 104:Core/Src/can.c **** 
 105:Core/Src/can.c ****   /* USER CODE END CAN1_MspInit 0 */
 106:Core/Src/can.c ****     /* CAN1 clock enable */
 107:Core/Src/can.c ****     HAL_RCC_CAN1_CLK_ENABLED++;
 108:Core/Src/can.c ****     if(HAL_RCC_CAN1_CLK_ENABLED==1){
 109:Core/Src/can.c ****       __HAL_RCC_CAN1_CLK_ENABLE();
 110:Core/Src/can.c ****     }
 111:Core/Src/can.c **** 
 112:Core/Src/can.c ****     __HAL_RCC_GPIOA_CLK_ENABLE();
 113:Core/Src/can.c ****     /**CAN1 GPIO Configuration
 114:Core/Src/can.c ****     PA11     ------> CAN1_RX
 115:Core/Src/can.c ****     PA12     ------> CAN1_TX
 116:Core/Src/can.c ****     */
 117:Core/Src/can.c ****     GPIO_InitStruct.Pin = GPIO_PIN_11|GPIO_PIN_12;
 118:Core/Src/can.c ****     GPIO_InitStruct.Mode = GPIO_MODE_AF_PP;
 119:Core/Src/can.c ****     GPIO_InitStruct.Pull = GPIO_NOPULL;
 120:Core/Src/can.c ****     GPIO_InitStruct.Speed = GPIO_SPEED_FREQ_VERY_HIGH;
 121:Core/Src/can.c ****     GPIO_InitStruct.Alternate = GPIO_AF9_CAN1;
 122:Core/Src/can.c ****     HAL_GPIO_Init(GPIOA, &GPIO_InitStruct);
 123:Core/Src/can.c **** 
 124:Core/Src/can.c ****   /* USER CODE BEGIN CAN1_MspInit 1 */
 125:Core/Src/can.c **** 
 126:Core/Src/can.c ****   /* USER CODE END CAN1_MspInit 1 */
 127:Core/Src/can.c ****   }
 128:Core/Src/can.c ****   else if(canHandle->Instance==CAN2)
 217              		.loc 1 128 8 is_stmt 1 view .LVU69
ARM GAS  /var/folders/8x/_y6g3dfs0698dfd49y4vcg_w0000gn/T//ccZE4w4U.s 			page 7


 218              		.loc 1 128 10 is_stmt 0 view .LVU70
 219 0018 364A     		ldr	r2, .L23+4
 220 001a 9342     		cmp	r3, r2
 221 001c 2FD0     		beq	.L20
 222              	.LVL5:
 223              	.L13:
 129:Core/Src/can.c ****   {
 130:Core/Src/can.c ****   /* USER CODE BEGIN CAN2_MspInit 0 */
 131:Core/Src/can.c **** 
 132:Core/Src/can.c ****   /* USER CODE END CAN2_MspInit 0 */
 133:Core/Src/can.c ****     /* CAN2 clock enable */
 134:Core/Src/can.c ****     __HAL_RCC_CAN2_CLK_ENABLE();
 135:Core/Src/can.c ****     HAL_RCC_CAN1_CLK_ENABLED++;
 136:Core/Src/can.c ****     if(HAL_RCC_CAN1_CLK_ENABLED==1){
 137:Core/Src/can.c ****       __HAL_RCC_CAN1_CLK_ENABLE();
 138:Core/Src/can.c ****     }
 139:Core/Src/can.c **** 
 140:Core/Src/can.c ****     __HAL_RCC_GPIOB_CLK_ENABLE();
 141:Core/Src/can.c ****     /**CAN2 GPIO Configuration
 142:Core/Src/can.c ****     PB12     ------> CAN2_RX
 143:Core/Src/can.c ****     PB13     ------> CAN2_TX
 144:Core/Src/can.c ****     */
 145:Core/Src/can.c ****     GPIO_InitStruct.Pin = GPIO_PIN_12|GPIO_PIN_13;
 146:Core/Src/can.c ****     GPIO_InitStruct.Mode = GPIO_MODE_AF_PP;
 147:Core/Src/can.c ****     GPIO_InitStruct.Pull = GPIO_NOPULL;
 148:Core/Src/can.c ****     GPIO_InitStruct.Speed = GPIO_SPEED_FREQ_VERY_HIGH;
 149:Core/Src/can.c ****     GPIO_InitStruct.Alternate = GPIO_AF9_CAN2;
 150:Core/Src/can.c ****     HAL_GPIO_Init(GPIOB, &GPIO_InitStruct);
 151:Core/Src/can.c **** 
 152:Core/Src/can.c ****   /* USER CODE BEGIN CAN2_MspInit 1 */
 153:Core/Src/can.c **** 
 154:Core/Src/can.c ****   /* USER CODE END CAN2_MspInit 1 */
 155:Core/Src/can.c ****   }
 156:Core/Src/can.c **** }
 224              		.loc 1 156 1 view .LVU71
 225 001e 0BB0     		add	sp, sp, #44
 226              	.LCFI4:
 227              		.cfi_remember_state
 228              		.cfi_def_cfa_offset 4
 229              		@ sp needed
 230 0020 5DF804FB 		ldr	pc, [sp], #4
 231              	.LVL6:
 232              	.L19:
 233              	.LCFI5:
 234              		.cfi_restore_state
 107:Core/Src/can.c ****     if(HAL_RCC_CAN1_CLK_ENABLED==1){
 235              		.loc 1 107 5 is_stmt 1 view .LVU72
 107:Core/Src/can.c ****     if(HAL_RCC_CAN1_CLK_ENABLED==1){
 236              		.loc 1 107 29 is_stmt 0 view .LVU73
 237 0024 344A     		ldr	r2, .L23+8
 238 0026 1368     		ldr	r3, [r2]
 239 0028 0133     		adds	r3, r3, #1
 240 002a 1360     		str	r3, [r2]
 108:Core/Src/can.c ****       __HAL_RCC_CAN1_CLK_ENABLE();
 241              		.loc 1 108 5 is_stmt 1 view .LVU74
 108:Core/Src/can.c ****       __HAL_RCC_CAN1_CLK_ENABLE();
 242              		.loc 1 108 7 is_stmt 0 view .LVU75
ARM GAS  /var/folders/8x/_y6g3dfs0698dfd49y4vcg_w0000gn/T//ccZE4w4U.s 			page 8


 243 002c 012B     		cmp	r3, #1
 244 002e 19D0     		beq	.L21
 245              	.L15:
 109:Core/Src/can.c ****     }
 246              		.loc 1 109 7 is_stmt 1 discriminator 1 view .LVU76
 112:Core/Src/can.c ****     /**CAN1 GPIO Configuration
 247              		.loc 1 112 5 view .LVU77
 248              	.LBB2:
 112:Core/Src/can.c ****     /**CAN1 GPIO Configuration
 249              		.loc 1 112 5 view .LVU78
 250 0030 0023     		movs	r3, #0
 251 0032 0193     		str	r3, [sp, #4]
 112:Core/Src/can.c ****     /**CAN1 GPIO Configuration
 252              		.loc 1 112 5 view .LVU79
 253 0034 314B     		ldr	r3, .L23+12
 254 0036 1A6B     		ldr	r2, [r3, #48]
 255 0038 42F00102 		orr	r2, r2, #1
 256 003c 1A63     		str	r2, [r3, #48]
 112:Core/Src/can.c ****     /**CAN1 GPIO Configuration
 257              		.loc 1 112 5 view .LVU80
 258 003e 1B6B     		ldr	r3, [r3, #48]
 259 0040 03F00103 		and	r3, r3, #1
 260 0044 0193     		str	r3, [sp, #4]
 112:Core/Src/can.c ****     /**CAN1 GPIO Configuration
 261              		.loc 1 112 5 view .LVU81
 262 0046 019B     		ldr	r3, [sp, #4]
 263              	.LBE2:
 112:Core/Src/can.c ****     /**CAN1 GPIO Configuration
 264              		.loc 1 112 5 view .LVU82
 117:Core/Src/can.c ****     GPIO_InitStruct.Mode = GPIO_MODE_AF_PP;
 265              		.loc 1 117 5 view .LVU83
 117:Core/Src/can.c ****     GPIO_InitStruct.Mode = GPIO_MODE_AF_PP;
 266              		.loc 1 117 25 is_stmt 0 view .LVU84
 267 0048 4FF4C053 		mov	r3, #6144
 268 004c 0593     		str	r3, [sp, #20]
 118:Core/Src/can.c ****     GPIO_InitStruct.Pull = GPIO_NOPULL;
 269              		.loc 1 118 5 is_stmt 1 view .LVU85
 118:Core/Src/can.c ****     GPIO_InitStruct.Pull = GPIO_NOPULL;
 270              		.loc 1 118 26 is_stmt 0 view .LVU86
 271 004e 0223     		movs	r3, #2
 272 0050 0693     		str	r3, [sp, #24]
 119:Core/Src/can.c ****     GPIO_InitStruct.Speed = GPIO_SPEED_FREQ_VERY_HIGH;
 273              		.loc 1 119 5 is_stmt 1 view .LVU87
 120:Core/Src/can.c ****     GPIO_InitStruct.Alternate = GPIO_AF9_CAN1;
 274              		.loc 1 120 5 view .LVU88
 120:Core/Src/can.c ****     GPIO_InitStruct.Alternate = GPIO_AF9_CAN1;
 275              		.loc 1 120 27 is_stmt 0 view .LVU89
 276 0052 0323     		movs	r3, #3
 277 0054 0893     		str	r3, [sp, #32]
 121:Core/Src/can.c ****     HAL_GPIO_Init(GPIOA, &GPIO_InitStruct);
 278              		.loc 1 121 5 is_stmt 1 view .LVU90
 121:Core/Src/can.c ****     HAL_GPIO_Init(GPIOA, &GPIO_InitStruct);
 279              		.loc 1 121 31 is_stmt 0 view .LVU91
 280 0056 0923     		movs	r3, #9
 281 0058 0993     		str	r3, [sp, #36]
 122:Core/Src/can.c **** 
 282              		.loc 1 122 5 is_stmt 1 view .LVU92
ARM GAS  /var/folders/8x/_y6g3dfs0698dfd49y4vcg_w0000gn/T//ccZE4w4U.s 			page 9


 283 005a 05A9     		add	r1, sp, #20
 284 005c 2848     		ldr	r0, .L23+16
 285              	.LVL7:
 122:Core/Src/can.c **** 
 286              		.loc 1 122 5 is_stmt 0 view .LVU93
 287 005e FFF7FEFF 		bl	HAL_GPIO_Init
 288              	.LVL8:
 289 0062 DCE7     		b	.L13
 290              	.LVL9:
 291              	.L21:
 109:Core/Src/can.c ****     }
 292              		.loc 1 109 7 is_stmt 1 view .LVU94
 293              	.LBB3:
 109:Core/Src/can.c ****     }
 294              		.loc 1 109 7 view .LVU95
 295 0064 0023     		movs	r3, #0
 296 0066 0093     		str	r3, [sp]
 109:Core/Src/can.c ****     }
 297              		.loc 1 109 7 view .LVU96
 298 0068 244B     		ldr	r3, .L23+12
 299 006a 1A6C     		ldr	r2, [r3, #64]
 300 006c 42F00072 		orr	r2, r2, #33554432
 301 0070 1A64     		str	r2, [r3, #64]
 109:Core/Src/can.c ****     }
 302              		.loc 1 109 7 view .LVU97
 303 0072 1B6C     		ldr	r3, [r3, #64]
 304 0074 03F00073 		and	r3, r3, #33554432
 305 0078 0093     		str	r3, [sp]
 109:Core/Src/can.c ****     }
 306              		.loc 1 109 7 view .LVU98
 307 007a 009B     		ldr	r3, [sp]
 308 007c D8E7     		b	.L15
 309              	.L20:
 310              	.LBE3:
 134:Core/Src/can.c ****     HAL_RCC_CAN1_CLK_ENABLED++;
 311              		.loc 1 134 5 view .LVU99
 312              	.LBB4:
 134:Core/Src/can.c ****     HAL_RCC_CAN1_CLK_ENABLED++;
 313              		.loc 1 134 5 view .LVU100
 314 007e 0023     		movs	r3, #0
 315 0080 0293     		str	r3, [sp, #8]
 134:Core/Src/can.c ****     HAL_RCC_CAN1_CLK_ENABLED++;
 316              		.loc 1 134 5 view .LVU101
 317 0082 1E4B     		ldr	r3, .L23+12
 318 0084 1A6C     		ldr	r2, [r3, #64]
 319 0086 42F08062 		orr	r2, r2, #67108864
 320 008a 1A64     		str	r2, [r3, #64]
 134:Core/Src/can.c ****     HAL_RCC_CAN1_CLK_ENABLED++;
 321              		.loc 1 134 5 view .LVU102
 322 008c 1B6C     		ldr	r3, [r3, #64]
 323 008e 03F08063 		and	r3, r3, #67108864
 324 0092 0293     		str	r3, [sp, #8]
 134:Core/Src/can.c ****     HAL_RCC_CAN1_CLK_ENABLED++;
 325              		.loc 1 134 5 view .LVU103
 326 0094 029B     		ldr	r3, [sp, #8]
 327              	.LBE4:
 134:Core/Src/can.c ****     HAL_RCC_CAN1_CLK_ENABLED++;
ARM GAS  /var/folders/8x/_y6g3dfs0698dfd49y4vcg_w0000gn/T//ccZE4w4U.s 			page 10


 328              		.loc 1 134 5 view .LVU104
 135:Core/Src/can.c ****     if(HAL_RCC_CAN1_CLK_ENABLED==1){
 329              		.loc 1 135 5 view .LVU105
 135:Core/Src/can.c ****     if(HAL_RCC_CAN1_CLK_ENABLED==1){
 330              		.loc 1 135 29 is_stmt 0 view .LVU106
 331 0096 184A     		ldr	r2, .L23+8
 332 0098 1368     		ldr	r3, [r2]
 333 009a 0133     		adds	r3, r3, #1
 334 009c 1360     		str	r3, [r2]
 136:Core/Src/can.c ****       __HAL_RCC_CAN1_CLK_ENABLE();
 335              		.loc 1 136 5 is_stmt 1 view .LVU107
 136:Core/Src/can.c ****       __HAL_RCC_CAN1_CLK_ENABLE();
 336              		.loc 1 136 7 is_stmt 0 view .LVU108
 337 009e 012B     		cmp	r3, #1
 338 00a0 19D0     		beq	.L22
 339              	.L17:
 137:Core/Src/can.c ****     }
 340              		.loc 1 137 7 is_stmt 1 discriminator 1 view .LVU109
 140:Core/Src/can.c ****     /**CAN2 GPIO Configuration
 341              		.loc 1 140 5 view .LVU110
 342              	.LBB5:
 140:Core/Src/can.c ****     /**CAN2 GPIO Configuration
 343              		.loc 1 140 5 view .LVU111
 344 00a2 0023     		movs	r3, #0
 345 00a4 0493     		str	r3, [sp, #16]
 140:Core/Src/can.c ****     /**CAN2 GPIO Configuration
 346              		.loc 1 140 5 view .LVU112
 347 00a6 154B     		ldr	r3, .L23+12
 348 00a8 1A6B     		ldr	r2, [r3, #48]
 349 00aa 42F00202 		orr	r2, r2, #2
 350 00ae 1A63     		str	r2, [r3, #48]
 140:Core/Src/can.c ****     /**CAN2 GPIO Configuration
 351              		.loc 1 140 5 view .LVU113
 352 00b0 1B6B     		ldr	r3, [r3, #48]
 353 00b2 03F00203 		and	r3, r3, #2
 354 00b6 0493     		str	r3, [sp, #16]
 140:Core/Src/can.c ****     /**CAN2 GPIO Configuration
 355              		.loc 1 140 5 view .LVU114
 356 00b8 049B     		ldr	r3, [sp, #16]
 357              	.LBE5:
 140:Core/Src/can.c ****     /**CAN2 GPIO Configuration
 358              		.loc 1 140 5 view .LVU115
 145:Core/Src/can.c ****     GPIO_InitStruct.Mode = GPIO_MODE_AF_PP;
 359              		.loc 1 145 5 view .LVU116
 145:Core/Src/can.c ****     GPIO_InitStruct.Mode = GPIO_MODE_AF_PP;
 360              		.loc 1 145 25 is_stmt 0 view .LVU117
 361 00ba 4FF44053 		mov	r3, #12288
 362 00be 0593     		str	r3, [sp, #20]
 146:Core/Src/can.c ****     GPIO_InitStruct.Pull = GPIO_NOPULL;
 363              		.loc 1 146 5 is_stmt 1 view .LVU118
 146:Core/Src/can.c ****     GPIO_InitStruct.Pull = GPIO_NOPULL;
 364              		.loc 1 146 26 is_stmt 0 view .LVU119
 365 00c0 0223     		movs	r3, #2
 366 00c2 0693     		str	r3, [sp, #24]
 147:Core/Src/can.c ****     GPIO_InitStruct.Speed = GPIO_SPEED_FREQ_VERY_HIGH;
 367              		.loc 1 147 5 is_stmt 1 view .LVU120
 148:Core/Src/can.c ****     GPIO_InitStruct.Alternate = GPIO_AF9_CAN2;
ARM GAS  /var/folders/8x/_y6g3dfs0698dfd49y4vcg_w0000gn/T//ccZE4w4U.s 			page 11


 368              		.loc 1 148 5 view .LVU121
 148:Core/Src/can.c ****     GPIO_InitStruct.Alternate = GPIO_AF9_CAN2;
 369              		.loc 1 148 27 is_stmt 0 view .LVU122
 370 00c4 0323     		movs	r3, #3
 371 00c6 0893     		str	r3, [sp, #32]
 149:Core/Src/can.c ****     HAL_GPIO_Init(GPIOB, &GPIO_InitStruct);
 372              		.loc 1 149 5 is_stmt 1 view .LVU123
 149:Core/Src/can.c ****     HAL_GPIO_Init(GPIOB, &GPIO_InitStruct);
 373              		.loc 1 149 31 is_stmt 0 view .LVU124
 374 00c8 0923     		movs	r3, #9
 375 00ca 0993     		str	r3, [sp, #36]
 150:Core/Src/can.c **** 
 376              		.loc 1 150 5 is_stmt 1 view .LVU125
 377 00cc 05A9     		add	r1, sp, #20
 378 00ce 0D48     		ldr	r0, .L23+20
 379              	.LVL10:
 150:Core/Src/can.c **** 
 380              		.loc 1 150 5 is_stmt 0 view .LVU126
 381 00d0 FFF7FEFF 		bl	HAL_GPIO_Init
 382              	.LVL11:
 383              		.loc 1 156 1 view .LVU127
 384 00d4 A3E7     		b	.L13
 385              	.LVL12:
 386              	.L22:
 137:Core/Src/can.c ****     }
 387              		.loc 1 137 7 is_stmt 1 view .LVU128
 388              	.LBB6:
 137:Core/Src/can.c ****     }
 389              		.loc 1 137 7 view .LVU129
 390 00d6 0023     		movs	r3, #0
 391 00d8 0393     		str	r3, [sp, #12]
 137:Core/Src/can.c ****     }
 392              		.loc 1 137 7 view .LVU130
 393 00da 084B     		ldr	r3, .L23+12
 394 00dc 1A6C     		ldr	r2, [r3, #64]
 395 00de 42F00072 		orr	r2, r2, #33554432
 396 00e2 1A64     		str	r2, [r3, #64]
 137:Core/Src/can.c ****     }
 397              		.loc 1 137 7 view .LVU131
 398 00e4 1B6C     		ldr	r3, [r3, #64]
 399 00e6 03F00073 		and	r3, r3, #33554432
 400 00ea 0393     		str	r3, [sp, #12]
 137:Core/Src/can.c ****     }
 401              		.loc 1 137 7 view .LVU132
 402 00ec 039B     		ldr	r3, [sp, #12]
 403 00ee D8E7     		b	.L17
 404              	.L24:
 405              		.align	2
 406              	.L23:
 407 00f0 00640040 		.word	1073767424
 408 00f4 00680040 		.word	1073768448
 409 00f8 00000000 		.word	HAL_RCC_CAN1_CLK_ENABLED
 410 00fc 00380240 		.word	1073887232
 411 0100 00000240 		.word	1073872896
 412 0104 00040240 		.word	1073873920
 413              	.LBE6:
 414              		.cfi_endproc
ARM GAS  /var/folders/8x/_y6g3dfs0698dfd49y4vcg_w0000gn/T//ccZE4w4U.s 			page 12


 415              	.LFE74:
 417              		.section	.text.HAL_CAN_MspDeInit,"ax",%progbits
 418              		.align	1
 419              		.global	HAL_CAN_MspDeInit
 420              		.syntax unified
 421              		.thumb
 422              		.thumb_func
 424              	HAL_CAN_MspDeInit:
 425              	.LVL13:
 426              	.LFB75:
 157:Core/Src/can.c **** 
 158:Core/Src/can.c **** void HAL_CAN_MspDeInit(CAN_HandleTypeDef* canHandle)
 159:Core/Src/can.c **** {
 427              		.loc 1 159 1 view -0
 428              		.cfi_startproc
 429              		@ args = 0, pretend = 0, frame = 0
 430              		@ frame_needed = 0, uses_anonymous_args = 0
 431              		.loc 1 159 1 is_stmt 0 view .LVU134
 432 0000 08B5     		push	{r3, lr}
 433              	.LCFI6:
 434              		.cfi_def_cfa_offset 8
 435              		.cfi_offset 3, -8
 436              		.cfi_offset 14, -4
 160:Core/Src/can.c **** 
 161:Core/Src/can.c ****   if(canHandle->Instance==CAN1)
 437              		.loc 1 161 3 is_stmt 1 view .LVU135
 438              		.loc 1 161 15 is_stmt 0 view .LVU136
 439 0002 0368     		ldr	r3, [r0]
 440              		.loc 1 161 5 view .LVU137
 441 0004 164A     		ldr	r2, .L33
 442 0006 9342     		cmp	r3, r2
 443 0008 03D0     		beq	.L31
 162:Core/Src/can.c ****   {
 163:Core/Src/can.c ****   /* USER CODE BEGIN CAN1_MspDeInit 0 */
 164:Core/Src/can.c **** 
 165:Core/Src/can.c ****   /* USER CODE END CAN1_MspDeInit 0 */
 166:Core/Src/can.c ****     /* Peripheral clock disable */
 167:Core/Src/can.c ****     HAL_RCC_CAN1_CLK_ENABLED--;
 168:Core/Src/can.c ****     if(HAL_RCC_CAN1_CLK_ENABLED==0){
 169:Core/Src/can.c ****       __HAL_RCC_CAN1_CLK_DISABLE();
 170:Core/Src/can.c ****     }
 171:Core/Src/can.c **** 
 172:Core/Src/can.c ****     /**CAN1 GPIO Configuration
 173:Core/Src/can.c ****     PA11     ------> CAN1_RX
 174:Core/Src/can.c ****     PA12     ------> CAN1_TX
 175:Core/Src/can.c ****     */
 176:Core/Src/can.c ****     HAL_GPIO_DeInit(GPIOA, GPIO_PIN_11|GPIO_PIN_12);
 177:Core/Src/can.c **** 
 178:Core/Src/can.c ****   /* USER CODE BEGIN CAN1_MspDeInit 1 */
 179:Core/Src/can.c **** 
 180:Core/Src/can.c ****   /* USER CODE END CAN1_MspDeInit 1 */
 181:Core/Src/can.c ****   }
 182:Core/Src/can.c ****   else if(canHandle->Instance==CAN2)
 444              		.loc 1 182 8 is_stmt 1 view .LVU138
 445              		.loc 1 182 10 is_stmt 0 view .LVU139
 446 000a 164A     		ldr	r2, .L33+4
 447 000c 9342     		cmp	r3, r2
ARM GAS  /var/folders/8x/_y6g3dfs0698dfd49y4vcg_w0000gn/T//ccZE4w4U.s 			page 13


 448 000e 10D0     		beq	.L32
 449              	.LVL14:
 450              	.L25:
 183:Core/Src/can.c ****   {
 184:Core/Src/can.c ****   /* USER CODE BEGIN CAN2_MspDeInit 0 */
 185:Core/Src/can.c **** 
 186:Core/Src/can.c ****   /* USER CODE END CAN2_MspDeInit 0 */
 187:Core/Src/can.c ****     /* Peripheral clock disable */
 188:Core/Src/can.c ****     __HAL_RCC_CAN2_CLK_DISABLE();
 189:Core/Src/can.c ****     HAL_RCC_CAN1_CLK_ENABLED--;
 190:Core/Src/can.c ****     if(HAL_RCC_CAN1_CLK_ENABLED==0){
 191:Core/Src/can.c ****       __HAL_RCC_CAN1_CLK_DISABLE();
 192:Core/Src/can.c ****     }
 193:Core/Src/can.c **** 
 194:Core/Src/can.c ****     /**CAN2 GPIO Configuration
 195:Core/Src/can.c ****     PB12     ------> CAN2_RX
 196:Core/Src/can.c ****     PB13     ------> CAN2_TX
 197:Core/Src/can.c ****     */
 198:Core/Src/can.c ****     HAL_GPIO_DeInit(GPIOB, GPIO_PIN_12|GPIO_PIN_13);
 199:Core/Src/can.c **** 
 200:Core/Src/can.c ****   /* USER CODE BEGIN CAN2_MspDeInit 1 */
 201:Core/Src/can.c **** 
 202:Core/Src/can.c ****   /* USER CODE END CAN2_MspDeInit 1 */
 203:Core/Src/can.c ****   }
 204:Core/Src/can.c **** }
 451              		.loc 1 204 1 view .LVU140
 452 0010 08BD     		pop	{r3, pc}
 453              	.LVL15:
 454              	.L31:
 167:Core/Src/can.c ****     if(HAL_RCC_CAN1_CLK_ENABLED==0){
 455              		.loc 1 167 5 is_stmt 1 view .LVU141
 167:Core/Src/can.c ****     if(HAL_RCC_CAN1_CLK_ENABLED==0){
 456              		.loc 1 167 29 is_stmt 0 view .LVU142
 457 0012 154A     		ldr	r2, .L33+8
 458 0014 1368     		ldr	r3, [r2]
 459 0016 013B     		subs	r3, r3, #1
 460 0018 1360     		str	r3, [r2]
 168:Core/Src/can.c ****       __HAL_RCC_CAN1_CLK_DISABLE();
 461              		.loc 1 168 5 is_stmt 1 view .LVU143
 168:Core/Src/can.c ****       __HAL_RCC_CAN1_CLK_DISABLE();
 462              		.loc 1 168 7 is_stmt 0 view .LVU144
 463 001a 23B9     		cbnz	r3, .L27
 169:Core/Src/can.c ****     }
 464              		.loc 1 169 7 is_stmt 1 view .LVU145
 465 001c 134A     		ldr	r2, .L33+12
 466 001e 136C     		ldr	r3, [r2, #64]
 467 0020 23F00073 		bic	r3, r3, #33554432
 468 0024 1364     		str	r3, [r2, #64]
 469              	.L27:
 176:Core/Src/can.c **** 
 470              		.loc 1 176 5 view .LVU146
 471 0026 4FF4C051 		mov	r1, #6144
 472 002a 1148     		ldr	r0, .L33+16
 473              	.LVL16:
 176:Core/Src/can.c **** 
 474              		.loc 1 176 5 is_stmt 0 view .LVU147
 475 002c FFF7FEFF 		bl	HAL_GPIO_DeInit
ARM GAS  /var/folders/8x/_y6g3dfs0698dfd49y4vcg_w0000gn/T//ccZE4w4U.s 			page 14


 476              	.LVL17:
 477 0030 EEE7     		b	.L25
 478              	.LVL18:
 479              	.L32:
 188:Core/Src/can.c ****     HAL_RCC_CAN1_CLK_ENABLED--;
 480              		.loc 1 188 5 is_stmt 1 view .LVU148
 481 0032 02F5E832 		add	r2, r2, #118784
 482 0036 136C     		ldr	r3, [r2, #64]
 483 0038 23F08063 		bic	r3, r3, #67108864
 484 003c 1364     		str	r3, [r2, #64]
 189:Core/Src/can.c ****     if(HAL_RCC_CAN1_CLK_ENABLED==0){
 485              		.loc 1 189 5 view .LVU149
 189:Core/Src/can.c ****     if(HAL_RCC_CAN1_CLK_ENABLED==0){
 486              		.loc 1 189 29 is_stmt 0 view .LVU150
 487 003e 0A4A     		ldr	r2, .L33+8
 488 0040 1368     		ldr	r3, [r2]
 489 0042 013B     		subs	r3, r3, #1
 490 0044 1360     		str	r3, [r2]
 190:Core/Src/can.c ****       __HAL_RCC_CAN1_CLK_DISABLE();
 491              		.loc 1 190 5 is_stmt 1 view .LVU151
 190:Core/Src/can.c ****       __HAL_RCC_CAN1_CLK_DISABLE();
 492              		.loc 1 190 7 is_stmt 0 view .LVU152
 493 0046 23B9     		cbnz	r3, .L29
 191:Core/Src/can.c ****     }
 494              		.loc 1 191 7 is_stmt 1 view .LVU153
 495 0048 084A     		ldr	r2, .L33+12
 496 004a 136C     		ldr	r3, [r2, #64]
 497 004c 23F00073 		bic	r3, r3, #33554432
 498 0050 1364     		str	r3, [r2, #64]
 499              	.L29:
 198:Core/Src/can.c **** 
 500              		.loc 1 198 5 view .LVU154
 501 0052 4FF44051 		mov	r1, #12288
 502 0056 0748     		ldr	r0, .L33+20
 503              	.LVL19:
 198:Core/Src/can.c **** 
 504              		.loc 1 198 5 is_stmt 0 view .LVU155
 505 0058 FFF7FEFF 		bl	HAL_GPIO_DeInit
 506              	.LVL20:
 507              		.loc 1 204 1 view .LVU156
 508 005c D8E7     		b	.L25
 509              	.L34:
 510 005e 00BF     		.align	2
 511              	.L33:
 512 0060 00640040 		.word	1073767424
 513 0064 00680040 		.word	1073768448
 514 0068 00000000 		.word	HAL_RCC_CAN1_CLK_ENABLED
 515 006c 00380240 		.word	1073887232
 516 0070 00000240 		.word	1073872896
 517 0074 00040240 		.word	1073873920
 518              		.cfi_endproc
 519              	.LFE75:
 521              		.section	.bss.HAL_RCC_CAN1_CLK_ENABLED,"aw",%nobits
 522              		.align	2
 525              	HAL_RCC_CAN1_CLK_ENABLED:
 526 0000 00000000 		.space	4
 527              		.global	hcan2
ARM GAS  /var/folders/8x/_y6g3dfs0698dfd49y4vcg_w0000gn/T//ccZE4w4U.s 			page 15


 528              		.section	.bss.hcan2,"aw",%nobits
 529              		.align	2
 532              	hcan2:
 533 0000 00000000 		.space	40
 533      00000000 
 533      00000000 
 533      00000000 
 533      00000000 
 534              		.global	hcan1
 535              		.section	.bss.hcan1,"aw",%nobits
 536              		.align	2
 539              	hcan1:
 540 0000 00000000 		.space	40
 540      00000000 
 540      00000000 
 540      00000000 
 540      00000000 
 541              		.text
 542              	.Letext0:
 543              		.file 2 "/Applications/ArmGNUToolchain/13.3.rel1/arm-none-eabi/arm-none-eabi/include/machine/_defa
 544              		.file 3 "/Applications/ArmGNUToolchain/13.3.rel1/arm-none-eabi/arm-none-eabi/include/sys/_stdint.h
 545              		.file 4 "Drivers/CMSIS/Device/ST/STM32F2xx/Include/stm32f205xx.h"
 546              		.file 5 "Drivers/CMSIS/Device/ST/STM32F2xx/Include/stm32f2xx.h"
 547              		.file 6 "Drivers/STM32F2xx_HAL_Driver/Inc/stm32f2xx_hal_def.h"
 548              		.file 7 "Drivers/STM32F2xx_HAL_Driver/Inc/stm32f2xx_hal_gpio.h"
 549              		.file 8 "Drivers/STM32F2xx_HAL_Driver/Inc/stm32f2xx_hal_can.h"
 550              		.file 9 "Core/Inc/can.h"
 551              		.file 10 "Core/Inc/main.h"
ARM GAS  /var/folders/8x/_y6g3dfs0698dfd49y4vcg_w0000gn/T//ccZE4w4U.s 			page 16


DEFINED SYMBOLS
                            *ABS*:00000000 can.c
/var/folders/8x/_y6g3dfs0698dfd49y4vcg_w0000gn/T//ccZE4w4U.s:19     .text.MX_CAN1_Init:00000000 $t
/var/folders/8x/_y6g3dfs0698dfd49y4vcg_w0000gn/T//ccZE4w4U.s:25     .text.MX_CAN1_Init:00000000 MX_CAN1_Init
/var/folders/8x/_y6g3dfs0698dfd49y4vcg_w0000gn/T//ccZE4w4U.s:94     .text.MX_CAN1_Init:00000030 $d
/var/folders/8x/_y6g3dfs0698dfd49y4vcg_w0000gn/T//ccZE4w4U.s:539    .bss.hcan1:00000000 hcan1
/var/folders/8x/_y6g3dfs0698dfd49y4vcg_w0000gn/T//ccZE4w4U.s:100    .text.MX_CAN2_Init:00000000 $t
/var/folders/8x/_y6g3dfs0698dfd49y4vcg_w0000gn/T//ccZE4w4U.s:106    .text.MX_CAN2_Init:00000000 MX_CAN2_Init
/var/folders/8x/_y6g3dfs0698dfd49y4vcg_w0000gn/T//ccZE4w4U.s:175    .text.MX_CAN2_Init:00000030 $d
/var/folders/8x/_y6g3dfs0698dfd49y4vcg_w0000gn/T//ccZE4w4U.s:532    .bss.hcan2:00000000 hcan2
/var/folders/8x/_y6g3dfs0698dfd49y4vcg_w0000gn/T//ccZE4w4U.s:181    .text.HAL_CAN_MspInit:00000000 $t
/var/folders/8x/_y6g3dfs0698dfd49y4vcg_w0000gn/T//ccZE4w4U.s:187    .text.HAL_CAN_MspInit:00000000 HAL_CAN_MspInit
/var/folders/8x/_y6g3dfs0698dfd49y4vcg_w0000gn/T//ccZE4w4U.s:407    .text.HAL_CAN_MspInit:000000f0 $d
/var/folders/8x/_y6g3dfs0698dfd49y4vcg_w0000gn/T//ccZE4w4U.s:525    .bss.HAL_RCC_CAN1_CLK_ENABLED:00000000 HAL_RCC_CAN1_CLK_ENABLED
/var/folders/8x/_y6g3dfs0698dfd49y4vcg_w0000gn/T//ccZE4w4U.s:418    .text.HAL_CAN_MspDeInit:00000000 $t
/var/folders/8x/_y6g3dfs0698dfd49y4vcg_w0000gn/T//ccZE4w4U.s:424    .text.HAL_CAN_MspDeInit:00000000 HAL_CAN_MspDeInit
/var/folders/8x/_y6g3dfs0698dfd49y4vcg_w0000gn/T//ccZE4w4U.s:512    .text.HAL_CAN_MspDeInit:00000060 $d
/var/folders/8x/_y6g3dfs0698dfd49y4vcg_w0000gn/T//ccZE4w4U.s:522    .bss.HAL_RCC_CAN1_CLK_ENABLED:00000000 $d
/var/folders/8x/_y6g3dfs0698dfd49y4vcg_w0000gn/T//ccZE4w4U.s:529    .bss.hcan2:00000000 $d
/var/folders/8x/_y6g3dfs0698dfd49y4vcg_w0000gn/T//ccZE4w4U.s:536    .bss.hcan1:00000000 $d

UNDEFINED SYMBOLS
HAL_CAN_Init
Error_Handler
HAL_GPIO_Init
HAL_GPIO_DeInit
