ARM GAS  /var/folders/8x/_y6g3dfs0698dfd49y4vcg_w0000gn/T//ccsmCQkn.s 			page 1


   1              		.cpu cortex-m3
   2              		.arch armv7-m
   3              		.fpu softvfp
   4              		.eabi_attribute 20, 1
   5              		.eabi_attribute 21, 1
   6              		.eabi_attribute 23, 3
   7              		.eabi_attribute 24, 1
   8              		.eabi_attribute 25, 1
   9              		.eabi_attribute 26, 1
  10              		.eabi_attribute 30, 1
  11              		.eabi_attribute 34, 1
  12              		.eabi_attribute 18, 4
  13              		.file	"usart.c"
  14              		.text
  15              	.Ltext0:
  16              		.cfi_sections	.debug_frame
  17              		.file 1 "Core/Src/usart.c"
  18              		.section	.text.MX_USART1_UART_Init,"ax",%progbits
  19              		.align	1
  20              		.global	MX_USART1_UART_Init
  21              		.syntax unified
  22              		.thumb
  23              		.thumb_func
  25              	MX_USART1_UART_Init:
  26              	.LFB72:
   1:Core/Src/usart.c **** /* USER CODE BEGIN Header */
   2:Core/Src/usart.c **** /**
   3:Core/Src/usart.c ****   ******************************************************************************
   4:Core/Src/usart.c ****   * @file    usart.c
   5:Core/Src/usart.c ****   * @brief   This file provides code for the configuration
   6:Core/Src/usart.c ****   *          of the USART instances.
   7:Core/Src/usart.c ****   ******************************************************************************
   8:Core/Src/usart.c ****   * @attention
   9:Core/Src/usart.c ****   *
  10:Core/Src/usart.c ****   * Copyright (c) 2025 STMicroelectronics.
  11:Core/Src/usart.c ****   * All rights reserved.
  12:Core/Src/usart.c ****   *
  13:Core/Src/usart.c ****   * This software is licensed under terms that can be found in the LICENSE file
  14:Core/Src/usart.c ****   * in the root directory of this software component.
  15:Core/Src/usart.c ****   * If no LICENSE file comes with this software, it is provided AS-IS.
  16:Core/Src/usart.c ****   *
  17:Core/Src/usart.c ****   ******************************************************************************
  18:Core/Src/usart.c ****   */
  19:Core/Src/usart.c **** /* USER CODE END Header */
  20:Core/Src/usart.c **** /* Includes ------------------------------------------------------------------*/
  21:Core/Src/usart.c **** #include "usart.h"
  22:Core/Src/usart.c **** 
  23:Core/Src/usart.c **** /* USER CODE BEGIN 0 */
  24:Core/Src/usart.c **** 
  25:Core/Src/usart.c **** /* USER CODE END 0 */
  26:Core/Src/usart.c **** 
  27:Core/Src/usart.c **** UART_HandleTypeDef huart1;
  28:Core/Src/usart.c **** UART_HandleTypeDef huart2;
  29:Core/Src/usart.c **** 
  30:Core/Src/usart.c **** /* USART1 init function */
  31:Core/Src/usart.c **** 
  32:Core/Src/usart.c **** void MX_USART1_UART_Init(void)
ARM GAS  /var/folders/8x/_y6g3dfs0698dfd49y4vcg_w0000gn/T//ccsmCQkn.s 			page 2


  33:Core/Src/usart.c **** {
  27              		.loc 1 33 1 view -0
  28              		.cfi_startproc
  29              		@ args = 0, pretend = 0, frame = 0
  30              		@ frame_needed = 0, uses_anonymous_args = 0
  31 0000 08B5     		push	{r3, lr}
  32              	.LCFI0:
  33              		.cfi_def_cfa_offset 8
  34              		.cfi_offset 3, -8
  35              		.cfi_offset 14, -4
  34:Core/Src/usart.c **** 
  35:Core/Src/usart.c ****   /* USER CODE BEGIN USART1_Init 0 */
  36:Core/Src/usart.c **** 
  37:Core/Src/usart.c ****   /* USER CODE END USART1_Init 0 */
  38:Core/Src/usart.c **** 
  39:Core/Src/usart.c ****   /* USER CODE BEGIN USART1_Init 1 */
  40:Core/Src/usart.c **** 
  41:Core/Src/usart.c ****   /* USER CODE END USART1_Init 1 */
  42:Core/Src/usart.c ****   huart1.Instance = USART1;
  36              		.loc 1 42 3 view .LVU1
  37              		.loc 1 42 19 is_stmt 0 view .LVU2
  38 0002 0A48     		ldr	r0, .L5
  39 0004 0A4B     		ldr	r3, .L5+4
  40 0006 0360     		str	r3, [r0]
  43:Core/Src/usart.c ****   huart1.Init.BaudRate = 115200;
  41              		.loc 1 43 3 is_stmt 1 view .LVU3
  42              		.loc 1 43 24 is_stmt 0 view .LVU4
  43 0008 4FF4E133 		mov	r3, #115200
  44 000c 4360     		str	r3, [r0, #4]
  44:Core/Src/usart.c ****   huart1.Init.WordLength = UART_WORDLENGTH_8B;
  45              		.loc 1 44 3 is_stmt 1 view .LVU5
  46              		.loc 1 44 26 is_stmt 0 view .LVU6
  47 000e 0023     		movs	r3, #0
  48 0010 8360     		str	r3, [r0, #8]
  45:Core/Src/usart.c ****   huart1.Init.StopBits = UART_STOPBITS_1;
  49              		.loc 1 45 3 is_stmt 1 view .LVU7
  50              		.loc 1 45 24 is_stmt 0 view .LVU8
  51 0012 C360     		str	r3, [r0, #12]
  46:Core/Src/usart.c ****   huart1.Init.Parity = UART_PARITY_NONE;
  52              		.loc 1 46 3 is_stmt 1 view .LVU9
  53              		.loc 1 46 22 is_stmt 0 view .LVU10
  54 0014 0361     		str	r3, [r0, #16]
  47:Core/Src/usart.c ****   huart1.Init.Mode = UART_MODE_TX_RX;
  55              		.loc 1 47 3 is_stmt 1 view .LVU11
  56              		.loc 1 47 20 is_stmt 0 view .LVU12
  57 0016 0C22     		movs	r2, #12
  58 0018 4261     		str	r2, [r0, #20]
  48:Core/Src/usart.c ****   huart1.Init.HwFlowCtl = UART_HWCONTROL_NONE;
  59              		.loc 1 48 3 is_stmt 1 view .LVU13
  60              		.loc 1 48 25 is_stmt 0 view .LVU14
  61 001a 8361     		str	r3, [r0, #24]
  49:Core/Src/usart.c ****   huart1.Init.OverSampling = UART_OVERSAMPLING_16;
  62              		.loc 1 49 3 is_stmt 1 view .LVU15
  63              		.loc 1 49 28 is_stmt 0 view .LVU16
  64 001c C361     		str	r3, [r0, #28]
  50:Core/Src/usart.c ****   if (HAL_UART_Init(&huart1) != HAL_OK)
  65              		.loc 1 50 3 is_stmt 1 view .LVU17
ARM GAS  /var/folders/8x/_y6g3dfs0698dfd49y4vcg_w0000gn/T//ccsmCQkn.s 			page 3


  66              		.loc 1 50 7 is_stmt 0 view .LVU18
  67 001e FFF7FEFF 		bl	HAL_UART_Init
  68              	.LVL0:
  69              		.loc 1 50 6 discriminator 1 view .LVU19
  70 0022 00B9     		cbnz	r0, .L4
  71              	.L1:
  51:Core/Src/usart.c ****   {
  52:Core/Src/usart.c ****     Error_Handler();
  53:Core/Src/usart.c ****   }
  54:Core/Src/usart.c ****   /* USER CODE BEGIN USART1_Init 2 */
  55:Core/Src/usart.c **** 
  56:Core/Src/usart.c ****   /* USER CODE END USART1_Init 2 */
  57:Core/Src/usart.c **** 
  58:Core/Src/usart.c **** }
  72              		.loc 1 58 1 view .LVU20
  73 0024 08BD     		pop	{r3, pc}
  74              	.L4:
  52:Core/Src/usart.c ****   }
  75              		.loc 1 52 5 is_stmt 1 view .LVU21
  76 0026 FFF7FEFF 		bl	Error_Handler
  77              	.LVL1:
  78              		.loc 1 58 1 is_stmt 0 view .LVU22
  79 002a FBE7     		b	.L1
  80              	.L6:
  81              		.align	2
  82              	.L5:
  83 002c 00000000 		.word	huart1
  84 0030 00100140 		.word	1073811456
  85              		.cfi_endproc
  86              	.LFE72:
  88              		.section	.text.MX_USART2_UART_Init,"ax",%progbits
  89              		.align	1
  90              		.global	MX_USART2_UART_Init
  91              		.syntax unified
  92              		.thumb
  93              		.thumb_func
  95              	MX_USART2_UART_Init:
  96              	.LFB73:
  59:Core/Src/usart.c **** /* USART2 init function */
  60:Core/Src/usart.c **** 
  61:Core/Src/usart.c **** void MX_USART2_UART_Init(void)
  62:Core/Src/usart.c **** {
  97              		.loc 1 62 1 is_stmt 1 view -0
  98              		.cfi_startproc
  99              		@ args = 0, pretend = 0, frame = 0
 100              		@ frame_needed = 0, uses_anonymous_args = 0
 101 0000 08B5     		push	{r3, lr}
 102              	.LCFI1:
 103              		.cfi_def_cfa_offset 8
 104              		.cfi_offset 3, -8
 105              		.cfi_offset 14, -4
  63:Core/Src/usart.c **** 
  64:Core/Src/usart.c ****   /* USER CODE BEGIN USART2_Init 0 */
  65:Core/Src/usart.c **** 
  66:Core/Src/usart.c ****   /* USER CODE END USART2_Init 0 */
  67:Core/Src/usart.c **** 
  68:Core/Src/usart.c ****   /* USER CODE BEGIN USART2_Init 1 */
ARM GAS  /var/folders/8x/_y6g3dfs0698dfd49y4vcg_w0000gn/T//ccsmCQkn.s 			page 4


  69:Core/Src/usart.c **** 
  70:Core/Src/usart.c ****   /* USER CODE END USART2_Init 1 */
  71:Core/Src/usart.c ****   huart2.Instance = USART2;
 106              		.loc 1 71 3 view .LVU24
 107              		.loc 1 71 19 is_stmt 0 view .LVU25
 108 0002 0A48     		ldr	r0, .L11
 109 0004 0A4B     		ldr	r3, .L11+4
 110 0006 0360     		str	r3, [r0]
  72:Core/Src/usart.c ****   huart2.Init.BaudRate = 115200;
 111              		.loc 1 72 3 is_stmt 1 view .LVU26
 112              		.loc 1 72 24 is_stmt 0 view .LVU27
 113 0008 4FF4E133 		mov	r3, #115200
 114 000c 4360     		str	r3, [r0, #4]
  73:Core/Src/usart.c ****   huart2.Init.WordLength = UART_WORDLENGTH_8B;
 115              		.loc 1 73 3 is_stmt 1 view .LVU28
 116              		.loc 1 73 26 is_stmt 0 view .LVU29
 117 000e 0023     		movs	r3, #0
 118 0010 8360     		str	r3, [r0, #8]
  74:Core/Src/usart.c ****   huart2.Init.StopBits = UART_STOPBITS_1;
 119              		.loc 1 74 3 is_stmt 1 view .LVU30
 120              		.loc 1 74 24 is_stmt 0 view .LVU31
 121 0012 C360     		str	r3, [r0, #12]
  75:Core/Src/usart.c ****   huart2.Init.Parity = UART_PARITY_NONE;
 122              		.loc 1 75 3 is_stmt 1 view .LVU32
 123              		.loc 1 75 22 is_stmt 0 view .LVU33
 124 0014 0361     		str	r3, [r0, #16]
  76:Core/Src/usart.c ****   huart2.Init.Mode = UART_MODE_TX_RX;
 125              		.loc 1 76 3 is_stmt 1 view .LVU34
 126              		.loc 1 76 20 is_stmt 0 view .LVU35
 127 0016 0C22     		movs	r2, #12
 128 0018 4261     		str	r2, [r0, #20]
  77:Core/Src/usart.c ****   huart2.Init.HwFlowCtl = UART_HWCONTROL_NONE;
 129              		.loc 1 77 3 is_stmt 1 view .LVU36
 130              		.loc 1 77 25 is_stmt 0 view .LVU37
 131 001a 8361     		str	r3, [r0, #24]
  78:Core/Src/usart.c ****   huart2.Init.OverSampling = UART_OVERSAMPLING_16;
 132              		.loc 1 78 3 is_stmt 1 view .LVU38
 133              		.loc 1 78 28 is_stmt 0 view .LVU39
 134 001c C361     		str	r3, [r0, #28]
  79:Core/Src/usart.c ****   if (HAL_UART_Init(&huart2) != HAL_OK)
 135              		.loc 1 79 3 is_stmt 1 view .LVU40
 136              		.loc 1 79 7 is_stmt 0 view .LVU41
 137 001e FFF7FEFF 		bl	HAL_UART_Init
 138              	.LVL2:
 139              		.loc 1 79 6 discriminator 1 view .LVU42
 140 0022 00B9     		cbnz	r0, .L10
 141              	.L7:
  80:Core/Src/usart.c ****   {
  81:Core/Src/usart.c ****     Error_Handler();
  82:Core/Src/usart.c ****   }
  83:Core/Src/usart.c ****   /* USER CODE BEGIN USART2_Init 2 */
  84:Core/Src/usart.c **** 
  85:Core/Src/usart.c ****   /* USER CODE END USART2_Init 2 */
  86:Core/Src/usart.c **** 
  87:Core/Src/usart.c **** }
 142              		.loc 1 87 1 view .LVU43
 143 0024 08BD     		pop	{r3, pc}
ARM GAS  /var/folders/8x/_y6g3dfs0698dfd49y4vcg_w0000gn/T//ccsmCQkn.s 			page 5


 144              	.L10:
  81:Core/Src/usart.c ****   }
 145              		.loc 1 81 5 is_stmt 1 view .LVU44
 146 0026 FFF7FEFF 		bl	Error_Handler
 147              	.LVL3:
 148              		.loc 1 87 1 is_stmt 0 view .LVU45
 149 002a FBE7     		b	.L7
 150              	.L12:
 151              		.align	2
 152              	.L11:
 153 002c 00000000 		.word	huart2
 154 0030 00440040 		.word	1073759232
 155              		.cfi_endproc
 156              	.LFE73:
 158              		.section	.text.HAL_UART_MspInit,"ax",%progbits
 159              		.align	1
 160              		.global	HAL_UART_MspInit
 161              		.syntax unified
 162              		.thumb
 163              		.thumb_func
 165              	HAL_UART_MspInit:
 166              	.LVL4:
 167              	.LFB74:
  88:Core/Src/usart.c **** 
  89:Core/Src/usart.c **** void HAL_UART_MspInit(UART_HandleTypeDef* uartHandle)
  90:Core/Src/usart.c **** {
 168              		.loc 1 90 1 is_stmt 1 view -0
 169              		.cfi_startproc
 170              		@ args = 0, pretend = 0, frame = 40
 171              		@ frame_needed = 0, uses_anonymous_args = 0
 172              		.loc 1 90 1 is_stmt 0 view .LVU47
 173 0000 10B5     		push	{r4, lr}
 174              	.LCFI2:
 175              		.cfi_def_cfa_offset 8
 176              		.cfi_offset 4, -8
 177              		.cfi_offset 14, -4
 178 0002 8AB0     		sub	sp, sp, #40
 179              	.LCFI3:
 180              		.cfi_def_cfa_offset 48
  91:Core/Src/usart.c **** 
  92:Core/Src/usart.c ****   GPIO_InitTypeDef GPIO_InitStruct = {0};
 181              		.loc 1 92 3 is_stmt 1 view .LVU48
 182              		.loc 1 92 20 is_stmt 0 view .LVU49
 183 0004 0023     		movs	r3, #0
 184 0006 0593     		str	r3, [sp, #20]
 185 0008 0693     		str	r3, [sp, #24]
 186 000a 0793     		str	r3, [sp, #28]
 187 000c 0893     		str	r3, [sp, #32]
 188 000e 0993     		str	r3, [sp, #36]
  93:Core/Src/usart.c ****   if(uartHandle->Instance==USART1)
 189              		.loc 1 93 3 is_stmt 1 view .LVU50
 190              		.loc 1 93 16 is_stmt 0 view .LVU51
 191 0010 0368     		ldr	r3, [r0]
 192              		.loc 1 93 5 view .LVU52
 193 0012 2B4A     		ldr	r2, .L19
 194 0014 9342     		cmp	r3, r2
 195 0016 04D0     		beq	.L17
ARM GAS  /var/folders/8x/_y6g3dfs0698dfd49y4vcg_w0000gn/T//ccsmCQkn.s 			page 6


  94:Core/Src/usart.c ****   {
  95:Core/Src/usart.c ****   /* USER CODE BEGIN USART1_MspInit 0 */
  96:Core/Src/usart.c **** 
  97:Core/Src/usart.c ****   /* USER CODE END USART1_MspInit 0 */
  98:Core/Src/usart.c ****     /* USART1 clock enable */
  99:Core/Src/usart.c ****     __HAL_RCC_USART1_CLK_ENABLE();
 100:Core/Src/usart.c **** 
 101:Core/Src/usart.c ****     __HAL_RCC_GPIOA_CLK_ENABLE();
 102:Core/Src/usart.c ****     /**USART1 GPIO Configuration
 103:Core/Src/usart.c ****     PA9     ------> USART1_TX
 104:Core/Src/usart.c ****     PA10     ------> USART1_RX
 105:Core/Src/usart.c ****     */
 106:Core/Src/usart.c ****     GPIO_InitStruct.Pin = GPIO_PIN_9|GPIO_PIN_10;
 107:Core/Src/usart.c ****     GPIO_InitStruct.Mode = GPIO_MODE_AF_PP;
 108:Core/Src/usart.c ****     GPIO_InitStruct.Pull = GPIO_NOPULL;
 109:Core/Src/usart.c ****     GPIO_InitStruct.Speed = GPIO_SPEED_FREQ_VERY_HIGH;
 110:Core/Src/usart.c ****     GPIO_InitStruct.Alternate = GPIO_AF7_USART1;
 111:Core/Src/usart.c ****     HAL_GPIO_Init(GPIOA, &GPIO_InitStruct);
 112:Core/Src/usart.c **** 
 113:Core/Src/usart.c ****     /* USART1 interrupt Init */
 114:Core/Src/usart.c ****     HAL_NVIC_SetPriority(USART1_IRQn, 0, 0);
 115:Core/Src/usart.c ****     HAL_NVIC_EnableIRQ(USART1_IRQn);
 116:Core/Src/usart.c ****   /* USER CODE BEGIN USART1_MspInit 1 */
 117:Core/Src/usart.c **** 
 118:Core/Src/usart.c ****   /* USER CODE END USART1_MspInit 1 */
 119:Core/Src/usart.c ****   }
 120:Core/Src/usart.c ****   else if(uartHandle->Instance==USART2)
 196              		.loc 1 120 8 is_stmt 1 view .LVU53
 197              		.loc 1 120 10 is_stmt 0 view .LVU54
 198 0018 2A4A     		ldr	r2, .L19+4
 199 001a 9342     		cmp	r3, r2
 200 001c 2DD0     		beq	.L18
 201              	.LVL5:
 202              	.L13:
 121:Core/Src/usart.c ****   {
 122:Core/Src/usart.c ****   /* USER CODE BEGIN USART2_MspInit 0 */
 123:Core/Src/usart.c **** 
 124:Core/Src/usart.c ****   /* USER CODE END USART2_MspInit 0 */
 125:Core/Src/usart.c ****     /* USART2 clock enable */
 126:Core/Src/usart.c ****     __HAL_RCC_USART2_CLK_ENABLE();
 127:Core/Src/usart.c **** 
 128:Core/Src/usart.c ****     __HAL_RCC_GPIOA_CLK_ENABLE();
 129:Core/Src/usart.c ****     /**USART2 GPIO Configuration
 130:Core/Src/usart.c ****     PA2     ------> USART2_TX
 131:Core/Src/usart.c ****     PA3     ------> USART2_RX
 132:Core/Src/usart.c ****     */
 133:Core/Src/usart.c ****     GPIO_InitStruct.Pin = GPIO_PIN_2|GPIO_PIN_3;
 134:Core/Src/usart.c ****     GPIO_InitStruct.Mode = GPIO_MODE_AF_PP;
 135:Core/Src/usart.c ****     GPIO_InitStruct.Pull = GPIO_NOPULL;
 136:Core/Src/usart.c ****     GPIO_InitStruct.Speed = GPIO_SPEED_FREQ_VERY_HIGH;
 137:Core/Src/usart.c ****     GPIO_InitStruct.Alternate = GPIO_AF7_USART2;
 138:Core/Src/usart.c ****     HAL_GPIO_Init(GPIOA, &GPIO_InitStruct);
 139:Core/Src/usart.c **** 
 140:Core/Src/usart.c ****   /* USER CODE BEGIN USART2_MspInit 1 */
 141:Core/Src/usart.c **** 
 142:Core/Src/usart.c ****   /* USER CODE END USART2_MspInit 1 */
 143:Core/Src/usart.c ****   }
ARM GAS  /var/folders/8x/_y6g3dfs0698dfd49y4vcg_w0000gn/T//ccsmCQkn.s 			page 7


 144:Core/Src/usart.c **** }
 203              		.loc 1 144 1 view .LVU55
 204 001e 0AB0     		add	sp, sp, #40
 205              	.LCFI4:
 206              		.cfi_remember_state
 207              		.cfi_def_cfa_offset 8
 208              		@ sp needed
 209 0020 10BD     		pop	{r4, pc}
 210              	.LVL6:
 211              	.L17:
 212              	.LCFI5:
 213              		.cfi_restore_state
  99:Core/Src/usart.c **** 
 214              		.loc 1 99 5 is_stmt 1 view .LVU56
 215              	.LBB2:
  99:Core/Src/usart.c **** 
 216              		.loc 1 99 5 view .LVU57
 217 0022 0024     		movs	r4, #0
 218 0024 0194     		str	r4, [sp, #4]
  99:Core/Src/usart.c **** 
 219              		.loc 1 99 5 view .LVU58
 220 0026 284B     		ldr	r3, .L19+8
 221 0028 5A6C     		ldr	r2, [r3, #68]
 222 002a 42F01002 		orr	r2, r2, #16
 223 002e 5A64     		str	r2, [r3, #68]
  99:Core/Src/usart.c **** 
 224              		.loc 1 99 5 view .LVU59
 225 0030 5A6C     		ldr	r2, [r3, #68]
 226 0032 02F01002 		and	r2, r2, #16
 227 0036 0192     		str	r2, [sp, #4]
  99:Core/Src/usart.c **** 
 228              		.loc 1 99 5 view .LVU60
 229 0038 019A     		ldr	r2, [sp, #4]
 230              	.LBE2:
  99:Core/Src/usart.c **** 
 231              		.loc 1 99 5 view .LVU61
 101:Core/Src/usart.c ****     /**USART1 GPIO Configuration
 232              		.loc 1 101 5 view .LVU62
 233              	.LBB3:
 101:Core/Src/usart.c ****     /**USART1 GPIO Configuration
 234              		.loc 1 101 5 view .LVU63
 235 003a 0294     		str	r4, [sp, #8]
 101:Core/Src/usart.c ****     /**USART1 GPIO Configuration
 236              		.loc 1 101 5 view .LVU64
 237 003c 1A6B     		ldr	r2, [r3, #48]
 238 003e 42F00102 		orr	r2, r2, #1
 239 0042 1A63     		str	r2, [r3, #48]
 101:Core/Src/usart.c ****     /**USART1 GPIO Configuration
 240              		.loc 1 101 5 view .LVU65
 241 0044 1B6B     		ldr	r3, [r3, #48]
 242 0046 03F00103 		and	r3, r3, #1
 243 004a 0293     		str	r3, [sp, #8]
 101:Core/Src/usart.c ****     /**USART1 GPIO Configuration
 244              		.loc 1 101 5 view .LVU66
 245 004c 029B     		ldr	r3, [sp, #8]
 246              	.LBE3:
 101:Core/Src/usart.c ****     /**USART1 GPIO Configuration
ARM GAS  /var/folders/8x/_y6g3dfs0698dfd49y4vcg_w0000gn/T//ccsmCQkn.s 			page 8


 247              		.loc 1 101 5 view .LVU67
 106:Core/Src/usart.c ****     GPIO_InitStruct.Mode = GPIO_MODE_AF_PP;
 248              		.loc 1 106 5 view .LVU68
 106:Core/Src/usart.c ****     GPIO_InitStruct.Mode = GPIO_MODE_AF_PP;
 249              		.loc 1 106 25 is_stmt 0 view .LVU69
 250 004e 4FF4C063 		mov	r3, #1536
 251 0052 0593     		str	r3, [sp, #20]
 107:Core/Src/usart.c ****     GPIO_InitStruct.Pull = GPIO_NOPULL;
 252              		.loc 1 107 5 is_stmt 1 view .LVU70
 107:Core/Src/usart.c ****     GPIO_InitStruct.Pull = GPIO_NOPULL;
 253              		.loc 1 107 26 is_stmt 0 view .LVU71
 254 0054 0223     		movs	r3, #2
 255 0056 0693     		str	r3, [sp, #24]
 108:Core/Src/usart.c ****     GPIO_InitStruct.Speed = GPIO_SPEED_FREQ_VERY_HIGH;
 256              		.loc 1 108 5 is_stmt 1 view .LVU72
 109:Core/Src/usart.c ****     GPIO_InitStruct.Alternate = GPIO_AF7_USART1;
 257              		.loc 1 109 5 view .LVU73
 109:Core/Src/usart.c ****     GPIO_InitStruct.Alternate = GPIO_AF7_USART1;
 258              		.loc 1 109 27 is_stmt 0 view .LVU74
 259 0058 0323     		movs	r3, #3
 260 005a 0893     		str	r3, [sp, #32]
 110:Core/Src/usart.c ****     HAL_GPIO_Init(GPIOA, &GPIO_InitStruct);
 261              		.loc 1 110 5 is_stmt 1 view .LVU75
 110:Core/Src/usart.c ****     HAL_GPIO_Init(GPIOA, &GPIO_InitStruct);
 262              		.loc 1 110 31 is_stmt 0 view .LVU76
 263 005c 0723     		movs	r3, #7
 264 005e 0993     		str	r3, [sp, #36]
 111:Core/Src/usart.c **** 
 265              		.loc 1 111 5 is_stmt 1 view .LVU77
 266 0060 05A9     		add	r1, sp, #20
 267 0062 1A48     		ldr	r0, .L19+12
 268              	.LVL7:
 111:Core/Src/usart.c **** 
 269              		.loc 1 111 5 is_stmt 0 view .LVU78
 270 0064 FFF7FEFF 		bl	HAL_GPIO_Init
 271              	.LVL8:
 114:Core/Src/usart.c ****     HAL_NVIC_EnableIRQ(USART1_IRQn);
 272              		.loc 1 114 5 is_stmt 1 view .LVU79
 273 0068 2246     		mov	r2, r4
 274 006a 2146     		mov	r1, r4
 275 006c 2520     		movs	r0, #37
 276 006e FFF7FEFF 		bl	HAL_NVIC_SetPriority
 277              	.LVL9:
 115:Core/Src/usart.c ****   /* USER CODE BEGIN USART1_MspInit 1 */
 278              		.loc 1 115 5 view .LVU80
 279 0072 2520     		movs	r0, #37
 280 0074 FFF7FEFF 		bl	HAL_NVIC_EnableIRQ
 281              	.LVL10:
 282 0078 D1E7     		b	.L13
 283              	.LVL11:
 284              	.L18:
 126:Core/Src/usart.c **** 
 285              		.loc 1 126 5 view .LVU81
 286              	.LBB4:
 126:Core/Src/usart.c **** 
 287              		.loc 1 126 5 view .LVU82
 288 007a 0021     		movs	r1, #0
ARM GAS  /var/folders/8x/_y6g3dfs0698dfd49y4vcg_w0000gn/T//ccsmCQkn.s 			page 9


 289 007c 0391     		str	r1, [sp, #12]
 126:Core/Src/usart.c **** 
 290              		.loc 1 126 5 view .LVU83
 291 007e 124B     		ldr	r3, .L19+8
 292 0080 1A6C     		ldr	r2, [r3, #64]
 293 0082 42F40032 		orr	r2, r2, #131072
 294 0086 1A64     		str	r2, [r3, #64]
 126:Core/Src/usart.c **** 
 295              		.loc 1 126 5 view .LVU84
 296 0088 1A6C     		ldr	r2, [r3, #64]
 297 008a 02F40032 		and	r2, r2, #131072
 298 008e 0392     		str	r2, [sp, #12]
 126:Core/Src/usart.c **** 
 299              		.loc 1 126 5 view .LVU85
 300 0090 039A     		ldr	r2, [sp, #12]
 301              	.LBE4:
 126:Core/Src/usart.c **** 
 302              		.loc 1 126 5 view .LVU86
 128:Core/Src/usart.c ****     /**USART2 GPIO Configuration
 303              		.loc 1 128 5 view .LVU87
 304              	.LBB5:
 128:Core/Src/usart.c ****     /**USART2 GPIO Configuration
 305              		.loc 1 128 5 view .LVU88
 306 0092 0491     		str	r1, [sp, #16]
 128:Core/Src/usart.c ****     /**USART2 GPIO Configuration
 307              		.loc 1 128 5 view .LVU89
 308 0094 1A6B     		ldr	r2, [r3, #48]
 309 0096 42F00102 		orr	r2, r2, #1
 310 009a 1A63     		str	r2, [r3, #48]
 128:Core/Src/usart.c ****     /**USART2 GPIO Configuration
 311              		.loc 1 128 5 view .LVU90
 312 009c 1B6B     		ldr	r3, [r3, #48]
 313 009e 03F00103 		and	r3, r3, #1
 314 00a2 0493     		str	r3, [sp, #16]
 128:Core/Src/usart.c ****     /**USART2 GPIO Configuration
 315              		.loc 1 128 5 view .LVU91
 316 00a4 049B     		ldr	r3, [sp, #16]
 317              	.LBE5:
 128:Core/Src/usart.c ****     /**USART2 GPIO Configuration
 318              		.loc 1 128 5 view .LVU92
 133:Core/Src/usart.c ****     GPIO_InitStruct.Mode = GPIO_MODE_AF_PP;
 319              		.loc 1 133 5 view .LVU93
 133:Core/Src/usart.c ****     GPIO_InitStruct.Mode = GPIO_MODE_AF_PP;
 320              		.loc 1 133 25 is_stmt 0 view .LVU94
 321 00a6 0C23     		movs	r3, #12
 322 00a8 0593     		str	r3, [sp, #20]
 134:Core/Src/usart.c ****     GPIO_InitStruct.Pull = GPIO_NOPULL;
 323              		.loc 1 134 5 is_stmt 1 view .LVU95
 134:Core/Src/usart.c ****     GPIO_InitStruct.Pull = GPIO_NOPULL;
 324              		.loc 1 134 26 is_stmt 0 view .LVU96
 325 00aa 0223     		movs	r3, #2
 326 00ac 0693     		str	r3, [sp, #24]
 135:Core/Src/usart.c ****     GPIO_InitStruct.Speed = GPIO_SPEED_FREQ_VERY_HIGH;
 327              		.loc 1 135 5 is_stmt 1 view .LVU97
 136:Core/Src/usart.c ****     GPIO_InitStruct.Alternate = GPIO_AF7_USART2;
 328              		.loc 1 136 5 view .LVU98
 136:Core/Src/usart.c ****     GPIO_InitStruct.Alternate = GPIO_AF7_USART2;
ARM GAS  /var/folders/8x/_y6g3dfs0698dfd49y4vcg_w0000gn/T//ccsmCQkn.s 			page 10


 329              		.loc 1 136 27 is_stmt 0 view .LVU99
 330 00ae 0323     		movs	r3, #3
 331 00b0 0893     		str	r3, [sp, #32]
 137:Core/Src/usart.c ****     HAL_GPIO_Init(GPIOA, &GPIO_InitStruct);
 332              		.loc 1 137 5 is_stmt 1 view .LVU100
 137:Core/Src/usart.c ****     HAL_GPIO_Init(GPIOA, &GPIO_InitStruct);
 333              		.loc 1 137 31 is_stmt 0 view .LVU101
 334 00b2 0723     		movs	r3, #7
 335 00b4 0993     		str	r3, [sp, #36]
 138:Core/Src/usart.c **** 
 336              		.loc 1 138 5 is_stmt 1 view .LVU102
 337 00b6 05A9     		add	r1, sp, #20
 338 00b8 0448     		ldr	r0, .L19+12
 339              	.LVL12:
 138:Core/Src/usart.c **** 
 340              		.loc 1 138 5 is_stmt 0 view .LVU103
 341 00ba FFF7FEFF 		bl	HAL_GPIO_Init
 342              	.LVL13:
 343              		.loc 1 144 1 view .LVU104
 344 00be AEE7     		b	.L13
 345              	.L20:
 346              		.align	2
 347              	.L19:
 348 00c0 00100140 		.word	1073811456
 349 00c4 00440040 		.word	1073759232
 350 00c8 00380240 		.word	1073887232
 351 00cc 00000240 		.word	1073872896
 352              		.cfi_endproc
 353              	.LFE74:
 355              		.section	.text.HAL_UART_MspDeInit,"ax",%progbits
 356              		.align	1
 357              		.global	HAL_UART_MspDeInit
 358              		.syntax unified
 359              		.thumb
 360              		.thumb_func
 362              	HAL_UART_MspDeInit:
 363              	.LVL14:
 364              	.LFB75:
 145:Core/Src/usart.c **** 
 146:Core/Src/usart.c **** void HAL_UART_MspDeInit(UART_HandleTypeDef* uartHandle)
 147:Core/Src/usart.c **** {
 365              		.loc 1 147 1 is_stmt 1 view -0
 366              		.cfi_startproc
 367              		@ args = 0, pretend = 0, frame = 0
 368              		@ frame_needed = 0, uses_anonymous_args = 0
 369              		.loc 1 147 1 is_stmt 0 view .LVU106
 370 0000 08B5     		push	{r3, lr}
 371              	.LCFI6:
 372              		.cfi_def_cfa_offset 8
 373              		.cfi_offset 3, -8
 374              		.cfi_offset 14, -4
 148:Core/Src/usart.c **** 
 149:Core/Src/usart.c ****   if(uartHandle->Instance==USART1)
 375              		.loc 1 149 3 is_stmt 1 view .LVU107
 376              		.loc 1 149 16 is_stmt 0 view .LVU108
 377 0002 0368     		ldr	r3, [r0]
 378              		.loc 1 149 5 view .LVU109
ARM GAS  /var/folders/8x/_y6g3dfs0698dfd49y4vcg_w0000gn/T//ccsmCQkn.s 			page 11


 379 0004 104A     		ldr	r2, .L27
 380 0006 9342     		cmp	r3, r2
 381 0008 03D0     		beq	.L25
 150:Core/Src/usart.c ****   {
 151:Core/Src/usart.c ****   /* USER CODE BEGIN USART1_MspDeInit 0 */
 152:Core/Src/usart.c **** 
 153:Core/Src/usart.c ****   /* USER CODE END USART1_MspDeInit 0 */
 154:Core/Src/usart.c ****     /* Peripheral clock disable */
 155:Core/Src/usart.c ****     __HAL_RCC_USART1_CLK_DISABLE();
 156:Core/Src/usart.c **** 
 157:Core/Src/usart.c ****     /**USART1 GPIO Configuration
 158:Core/Src/usart.c ****     PA9     ------> USART1_TX
 159:Core/Src/usart.c ****     PA10     ------> USART1_RX
 160:Core/Src/usart.c ****     */
 161:Core/Src/usart.c ****     HAL_GPIO_DeInit(GPIOA, GPIO_PIN_9|GPIO_PIN_10);
 162:Core/Src/usart.c **** 
 163:Core/Src/usart.c ****     /* USART1 interrupt Deinit */
 164:Core/Src/usart.c ****     HAL_NVIC_DisableIRQ(USART1_IRQn);
 165:Core/Src/usart.c ****   /* USER CODE BEGIN USART1_MspDeInit 1 */
 166:Core/Src/usart.c **** 
 167:Core/Src/usart.c ****   /* USER CODE END USART1_MspDeInit 1 */
 168:Core/Src/usart.c ****   }
 169:Core/Src/usart.c ****   else if(uartHandle->Instance==USART2)
 382              		.loc 1 169 8 is_stmt 1 view .LVU110
 383              		.loc 1 169 10 is_stmt 0 view .LVU111
 384 000a 104A     		ldr	r2, .L27+4
 385 000c 9342     		cmp	r3, r2
 386 000e 0FD0     		beq	.L26
 387              	.LVL15:
 388              	.L21:
 170:Core/Src/usart.c ****   {
 171:Core/Src/usart.c ****   /* USER CODE BEGIN USART2_MspDeInit 0 */
 172:Core/Src/usart.c **** 
 173:Core/Src/usart.c ****   /* USER CODE END USART2_MspDeInit 0 */
 174:Core/Src/usart.c ****     /* Peripheral clock disable */
 175:Core/Src/usart.c ****     __HAL_RCC_USART2_CLK_DISABLE();
 176:Core/Src/usart.c **** 
 177:Core/Src/usart.c ****     /**USART2 GPIO Configuration
 178:Core/Src/usart.c ****     PA2     ------> USART2_TX
 179:Core/Src/usart.c ****     PA3     ------> USART2_RX
 180:Core/Src/usart.c ****     */
 181:Core/Src/usart.c ****     HAL_GPIO_DeInit(GPIOA, GPIO_PIN_2|GPIO_PIN_3);
 182:Core/Src/usart.c **** 
 183:Core/Src/usart.c ****   /* USER CODE BEGIN USART2_MspDeInit 1 */
 184:Core/Src/usart.c **** 
 185:Core/Src/usart.c ****   /* USER CODE END USART2_MspDeInit 1 */
 186:Core/Src/usart.c ****   }
 187:Core/Src/usart.c **** }
 389              		.loc 1 187 1 view .LVU112
 390 0010 08BD     		pop	{r3, pc}
 391              	.LVL16:
 392              	.L25:
 155:Core/Src/usart.c **** 
 393              		.loc 1 155 5 is_stmt 1 view .LVU113
 394 0012 02F59432 		add	r2, r2, #75776
 395 0016 536C     		ldr	r3, [r2, #68]
 396 0018 23F01003 		bic	r3, r3, #16
ARM GAS  /var/folders/8x/_y6g3dfs0698dfd49y4vcg_w0000gn/T//ccsmCQkn.s 			page 12


 397 001c 5364     		str	r3, [r2, #68]
 161:Core/Src/usart.c **** 
 398              		.loc 1 161 5 view .LVU114
 399 001e 4FF4C061 		mov	r1, #1536
 400 0022 0B48     		ldr	r0, .L27+8
 401              	.LVL17:
 161:Core/Src/usart.c **** 
 402              		.loc 1 161 5 is_stmt 0 view .LVU115
 403 0024 FFF7FEFF 		bl	HAL_GPIO_DeInit
 404              	.LVL18:
 164:Core/Src/usart.c ****   /* USER CODE BEGIN USART1_MspDeInit 1 */
 405              		.loc 1 164 5 is_stmt 1 view .LVU116
 406 0028 2520     		movs	r0, #37
 407 002a FFF7FEFF 		bl	HAL_NVIC_DisableIRQ
 408              	.LVL19:
 409 002e EFE7     		b	.L21
 410              	.LVL20:
 411              	.L26:
 175:Core/Src/usart.c **** 
 412              		.loc 1 175 5 view .LVU117
 413 0030 02F5FA32 		add	r2, r2, #128000
 414 0034 136C     		ldr	r3, [r2, #64]
 415 0036 23F40033 		bic	r3, r3, #131072
 416 003a 1364     		str	r3, [r2, #64]
 181:Core/Src/usart.c **** 
 417              		.loc 1 181 5 view .LVU118
 418 003c 0C21     		movs	r1, #12
 419 003e 0448     		ldr	r0, .L27+8
 420              	.LVL21:
 181:Core/Src/usart.c **** 
 421              		.loc 1 181 5 is_stmt 0 view .LVU119
 422 0040 FFF7FEFF 		bl	HAL_GPIO_DeInit
 423              	.LVL22:
 424              		.loc 1 187 1 view .LVU120
 425 0044 E4E7     		b	.L21
 426              	.L28:
 427 0046 00BF     		.align	2
 428              	.L27:
 429 0048 00100140 		.word	1073811456
 430 004c 00440040 		.word	1073759232
 431 0050 00000240 		.word	1073872896
 432              		.cfi_endproc
 433              	.LFE75:
 435              		.global	huart2
 436              		.section	.bss.huart2,"aw",%nobits
 437              		.align	2
 440              	huart2:
 441 0000 00000000 		.space	72
 441      00000000 
 441      00000000 
 441      00000000 
 441      00000000 
 442              		.global	huart1
 443              		.section	.bss.huart1,"aw",%nobits
 444              		.align	2
 447              	huart1:
 448 0000 00000000 		.space	72
ARM GAS  /var/folders/8x/_y6g3dfs0698dfd49y4vcg_w0000gn/T//ccsmCQkn.s 			page 13


 448      00000000 
 448      00000000 
 448      00000000 
 448      00000000 
 449              		.text
 450              	.Letext0:
 451              		.file 2 "Drivers/CMSIS/Device/ST/STM32F2xx/Include/stm32f205xx.h"
 452              		.file 3 "/Applications/ArmGNUToolchain/13.3.rel1/arm-none-eabi/arm-none-eabi/include/machine/_defa
 453              		.file 4 "/Applications/ArmGNUToolchain/13.3.rel1/arm-none-eabi/arm-none-eabi/include/sys/_stdint.h
 454              		.file 5 "Drivers/STM32F2xx_HAL_Driver/Inc/stm32f2xx_hal_def.h"
 455              		.file 6 "Drivers/STM32F2xx_HAL_Driver/Inc/stm32f2xx_hal_gpio.h"
 456              		.file 7 "Drivers/STM32F2xx_HAL_Driver/Inc/stm32f2xx_hal_dma.h"
 457              		.file 8 "Drivers/STM32F2xx_HAL_Driver/Inc/stm32f2xx_hal_uart.h"
 458              		.file 9 "Core/Inc/usart.h"
 459              		.file 10 "Drivers/STM32F2xx_HAL_Driver/Inc/stm32f2xx_hal_cortex.h"
 460              		.file 11 "Core/Inc/main.h"
ARM GAS  /var/folders/8x/_y6g3dfs0698dfd49y4vcg_w0000gn/T//ccsmCQkn.s 			page 14


DEFINED SYMBOLS
                            *ABS*:00000000 usart.c
/var/folders/8x/_y6g3dfs0698dfd49y4vcg_w0000gn/T//ccsmCQkn.s:19     .text.MX_USART1_UART_Init:00000000 $t
/var/folders/8x/_y6g3dfs0698dfd49y4vcg_w0000gn/T//ccsmCQkn.s:25     .text.MX_USART1_UART_Init:00000000 MX_USART1_UART_Init
/var/folders/8x/_y6g3dfs0698dfd49y4vcg_w0000gn/T//ccsmCQkn.s:83     .text.MX_USART1_UART_Init:0000002c $d
/var/folders/8x/_y6g3dfs0698dfd49y4vcg_w0000gn/T//ccsmCQkn.s:447    .bss.huart1:00000000 huart1
/var/folders/8x/_y6g3dfs0698dfd49y4vcg_w0000gn/T//ccsmCQkn.s:89     .text.MX_USART2_UART_Init:00000000 $t
/var/folders/8x/_y6g3dfs0698dfd49y4vcg_w0000gn/T//ccsmCQkn.s:95     .text.MX_USART2_UART_Init:00000000 MX_USART2_UART_Init
/var/folders/8x/_y6g3dfs0698dfd49y4vcg_w0000gn/T//ccsmCQkn.s:153    .text.MX_USART2_UART_Init:0000002c $d
/var/folders/8x/_y6g3dfs0698dfd49y4vcg_w0000gn/T//ccsmCQkn.s:440    .bss.huart2:00000000 huart2
/var/folders/8x/_y6g3dfs0698dfd49y4vcg_w0000gn/T//ccsmCQkn.s:159    .text.HAL_UART_MspInit:00000000 $t
/var/folders/8x/_y6g3dfs0698dfd49y4vcg_w0000gn/T//ccsmCQkn.s:165    .text.HAL_UART_MspInit:00000000 HAL_UART_MspInit
/var/folders/8x/_y6g3dfs0698dfd49y4vcg_w0000gn/T//ccsmCQkn.s:348    .text.HAL_UART_MspInit:000000c0 $d
/var/folders/8x/_y6g3dfs0698dfd49y4vcg_w0000gn/T//ccsmCQkn.s:356    .text.HAL_UART_MspDeInit:00000000 $t
/var/folders/8x/_y6g3dfs0698dfd49y4vcg_w0000gn/T//ccsmCQkn.s:362    .text.HAL_UART_MspDeInit:00000000 HAL_UART_MspDeInit
/var/folders/8x/_y6g3dfs0698dfd49y4vcg_w0000gn/T//ccsmCQkn.s:429    .text.HAL_UART_MspDeInit:00000048 $d
/var/folders/8x/_y6g3dfs0698dfd49y4vcg_w0000gn/T//ccsmCQkn.s:437    .bss.huart2:00000000 $d
/var/folders/8x/_y6g3dfs0698dfd49y4vcg_w0000gn/T//ccsmCQkn.s:444    .bss.huart1:00000000 $d

UNDEFINED SYMBOLS
HAL_UART_Init
Error_Handler
HAL_GPIO_Init
HAL_NVIC_SetPriority
HAL_NVIC_EnableIRQ
HAL_GPIO_DeInit
HAL_NVIC_DisableIRQ
